// Jest Snapshot v1, https://goo.gl/fbAQLP

exports[`Rating should render Rating component with props 1`] = `
<div
  className="Rating__ratingContainer_1c_xmAPs"
>
  <div
    className="Rating__ratingInStars_1ES92-ut"
  >
    <BarItem
      activeItem={5}
      id={5}
      key="0"
      name={5353}
      onChange={[Function]}
    />
    <BarItem
      activeItem={5}
      id={4}
      key="1"
      name={5353}
      onChange={[Function]}
    />
    <BarItem
      activeItem={5}
      id={3}
      key="2"
      name={5353}
      onChange={[Function]}
    />
    <BarItem
      activeItem={5}
      id={2}
      key="3"
      name={5353}
      onChange={[Function]}
    />
    <BarItem
      activeItem={5}
      id={1}
      key="4"
      name={5353}
      onChange={[Function]}
    />
  </div>
  <div
    className="Rating__ratingInNumber_3Rj40w5F"
  >
    <VoteCount
      rating={9}
    />
  </div>
</div>
`;
